<html lang="en"><head><meta charSet="UTF-8"></meta><meta name="viewport" content="width=device-width, initial-scale=1.0"></meta><meta http-equiv="X-UA-Compatible" content="ie=edge"></meta><title>I'm Eric, and I'm a developer | ericselin.dev</title><link rel="preconnect" href="https://fonts.gstatic.com"></link><link href="https://fonts.googleapis.com/css2?family=Inter:wght@400;700&family=Source+Code+Pro:wght@400;700;900&display=swap" rel="stylesheet"></link><style>:root {
  --nord0: #2e3440;
  --nord1: #3b4252;
  --nord2: #434c5e;
  --nord3: #4c566a;
  --nord4: #d8dee9;
  --nord5: #e5e9f0;
  --nord6: #eceff4;
  --nord7: #8fbcbb;
  --nord8: #88c0d0;
  --nord9: #81a1c1;
  --nord10: #5e81ac;
  --nord11: #bf616a;
  --nord12: #d08770;
  --nord13: #ebcb8b;
  --nord14: #a3be8c;
  --nord15: #b48ead;

  --margin: 1rem;
  --max-width: min(600px, 100% - 4 * var(--margin));

  --color-bg: var(--nord0);
  --color-fg: var(--nord6);
  --color-body: var(--nord1);
  --color-indent: var(--nord3);
  --color-muted: var(--nord4);
  --color-accent: var(--nord8);

  --font-text: 'Inter', sans-serif;
  --font-heading: 'Source Code Pro', monospace;
  --font-mono: 'Source Code Pro', monospace;
}

@media (min-width: 500px) {
  :root {
    --margin: 1.5rem;
  }
}

@media (min-width: 768px) {
  :root {
    --margin: 2rem;
  }
}

body {
  padding: 0;
  margin: 0;
  font-family: var(--font-text);
  background: var(--color-body);
  color: var(--color-fg);
}

body > header {
  display: flex;
  justify-content: space-between;
  align-items: center;
  margin: var(--margin);
  color: var(--color-muted);
  font-family: var(--font-heading);
}

body > header > a {
  text-decoration: none;
  font-weight: 900;
  font-size: 2rem;
  background: var(--color-accent);
  width: 2rem;
  height: 2rem;
  line-height: 1.5rem;
  text-align: center;
  border-radius: 25%;
  color: var(--color-body);
}

body > header > a:hover {
  color: var(--color-bg);
}

body > header ul {
  display: grid;
  grid-auto-flow: column;
  gap: 1rem;
  list-style: none;
  padding: 0;
  margin: 0;
}

body > h1 {
  max-width: var(--max-width);
  margin: calc(2 * var(--margin)) auto;
  padding: 0 var(--margin);
  color: var(--color-fg);
  font-family: var(--font-heading);
}

main {
  max-width: var(--max-width);
  margin: var(--margin) auto;
  padding: 0 var(--margin);
  background: var(--color-bg);
  border-radius: 1rem;
  line-height: 1.25;
}

main::before,
main::after {
  content: ' ';
  display: block;
  contain: layout;
  margin: var(--margin) 0;
}

h1 a,
h2 a,
h3 a,
h4 a,
h5 a,
h6 a {
  text-decoration: none;
}

a {
  color: inherit;
  transition: color ease-in 200ms;
}

a:hover {
  color: var(--color-accent);
}

pre {
  max-width: 100%;
  display: block;
  overflow: auto;
}

code {
  font-family: var(--font-mono);
  line-height: initial;
}

article + article {
  margin-top: calc(2 * var(--margin));
}

article + article::before {
  content: '';
  display: block;
  height: 1px;
  width: 50%;
  background: var(--color-indent);
  margin: 0 auto calc(2 * var(--margin));
}

img {
  display: block;
  max-width: 100%;
}

.button-link {
  border: 1px solid var(--color-accent);
  border-radius: 0.5rem;
  padding: 0.5rem 1rem;
  display: inline-block;
  text-decoration: none;
}

body > footer {
  margin: var(--margin);
  text-align: center;
  color: var(--color-muted);
  font-family: var(--font-heading);
}
</style></head><body><header><a href="/">e</a><ul><li><a href="/blog/">Blog</a></li><li><a href="/experiments/">Experiments</a></li></ul></header><main><h1 id="simple-text-editor">Simple text editor</h1>
<p>This is a test of the Filesystem API. It&#39;s a very simple text editor. Use at your own risk... üòè</p>
<p>The Filesystem API is freaking amazing. With it you can magically open <em>local</em> files and also save them back! 
The API is in &quot;Origin trial&quot; from Chrome 78 onwards, and available as a flag in previous versions.</p>
<p>The API is pretty damn cool, if you ask me. This is a quite nice looking text editor with a contenteditable
<code>pre</code> tag, and the code is not many lines long. Soon the days of native desktop apps are over! üòù</p>
<h2 id="technologies-used">Technologies used</h2>

<ul>
<li>Filesystem API</li>
</ul>
<h2 id="see-more">See more</h2>
<p><a href="https://developers.google.com/web/updates/2019/08/native-file-system">Google developers post</a></p>
</main><footer>There's no such thing as the cloud - it's just someone else's computer.</footer></body></html>