<body><h1>This is the second page</h1><p>The second page is not very interesting, move on please.</p>
</body>