<main><h1 id="this-is-the-index-page">This is the index page</h1>
<p>Hello there from content importer example.</p>
</main>