<html lang="en"><head><title>This is my page</title><style>h1 {
  color: blue;
}

main {
  margin: 1rem;
  padding: 0 1rem;
  border: 1px solid green;
}

body {
  font-family: serif;
  margin: 1rem auto;
  max-width: 50rem;
}
</style></head><body><main><h1 id="hello">Hello</h1>
<p>This here is my page!</p>
</main></body></html>