<html><head><title>This is my new site!</title></head><body><header>Main header</header><section><h1>Welcome, welcome</h1><p>I wanted to create a better hero element, but here we are...</p></section><main><h1 id="awesome-new-site">Awesome new site</h1>
<p>This site is based on
<a href="https://github.com/ericselin/deno-ssg-bob">bob</a>.
You should check it out too!</p>
<p>Images work as well!</p>
<p><img src="image.jpg" alt="Example image"></p>
</main></body></html>