<!DOCTYPE html>
<html lang="en" class="receiver">
  <head>
    <title>Cast me</title>
    <meta charset="utf-8" />
    <meta http-equiv="X-UA-Compatible" content="IE=edge" />
    <meta name="viewport" content="width=device-width, initial-scale=1" />
    <link
      href="https://fonts.googleapis.com/css?family=Josefin+Sans&display=swap"
      rel="stylesheet"
    />
    <link rel="stylesheet" href="style.css" />
    <script
      type="text/javascript"
      src="//www.gstatic.com/cast/sdk/libs/caf_receiver/v3/cast_receiver_framework.js"
    ></script>
    <script src="receiver.js" type="module"></script>
  </head>
  <body>
    <p>
      Send messages from your desktop, and they'll appear here
    </p>
    <h1></h1>
  </body>
</html>
