<body><h1>This is the first page</h1><p>I have some content here. Since this text is not very long, all of it will be used as a summary. Normally, the summary is capped at 500 characters.</p>
</body>