<div><h1>This is my site!</h1><edge-component src="UserAgent"><p>Not really sure which user agent you're using...</p></edge-component><p>This content comes from the markdown file, in usual fashion.</p>
</div>