<div><div><div>rick</div><div>morty</div></div><div><p>This is a page</p>
</div></div>