<div><div><div>rick</div><div>morty</div></div><div><h1 id="jsx-site">JSX site</h1>
</div></div>