<!DOCTYPE html>
<html lang="en">

<head>
  <meta charset="UTF-8">
  <meta name="viewport" content="width=device-width, initial-scale=1.0">
  <title>Warmer or colder?</title>
  <link rel="manifest" href="manifest.webmanifest">
  <link rel="stylesheet" href="app.css">
  <script src="app.js"></script>
  <link href="https://fonts.googleapis.com/css2?family=Quicksand:wght@400;700&display=swap" rel="stylesheet">
</head>

<body>
  <h1>ðŸ¤”</h1>
  <h2>Thinking...</h2>
  <p></p>

  <div class="attribution">
    Icons made by <a href="https://www.flaticon.com/authors/darius-dan" title="Darius Dan">Darius Dan</a>
    from <a href="https://www.flaticon.com/" title="Flaticon">www.flaticon.com</a>
  </div>
</body>

</html>