Index

<h1 id="this-is-the-index">This is the index</h1>
